Archive member included to satisfy reference by file (symbol)

c:/st/stm32cubeide_1.6.1/stm32cubeide/plugins/com.st.stm32cube.ide.mcu.externaltools.gnu-tools-for-stm32.9-2020-q2-update.win32_1.5.0.202011040924/tools/bin/../lib/gcc/arm-none-eabi/9.3.1/../../../../arm-none-eabi/lib/thumb/v7e-m+fp/hard\libc_nano.a(lib_a-errno.o)
                              Sources/MCU_Core/syscalls.o (__errno)
c:/st/stm32cubeide_1.6.1/stm32cubeide/plugins/com.st.stm32cube.ide.mcu.externaltools.gnu-tools-for-stm32.9-2020-q2-update.win32_1.5.0.202011040924/tools/bin/../lib/gcc/arm-none-eabi/9.3.1/../../../../arm-none-eabi/lib/thumb/v7e-m+fp/hard\libc_nano.a(lib_a-exit.o)
                              c:/st/stm32cubeide_1.6.1/stm32cubeide/plugins/com.st.stm32cube.ide.mcu.externaltools.gnu-tools-for-stm32.9-2020-q2-update.win32_1.5.0.202011040924/tools/bin/../lib/gcc/arm-none-eabi/9.3.1/../../../../arm-none-eabi/lib/thumb/v7e-m+fp/hard/crt0.o (exit)
c:/st/stm32cubeide_1.6.1/stm32cubeide/plugins/com.st.stm32cube.ide.mcu.externaltools.gnu-tools-for-stm32.9-2020-q2-update.win32_1.5.0.202011040924/tools/bin/../lib/gcc/arm-none-eabi/9.3.1/../../../../arm-none-eabi/lib/thumb/v7e-m+fp/hard\libc_nano.a(lib_a-impure.o)
                              c:/st/stm32cubeide_1.6.1/stm32cubeide/plugins/com.st.stm32cube.ide.mcu.externaltools.gnu-tools-for-stm32.9-2020-q2-update.win32_1.5.0.202011040924/tools/bin/../lib/gcc/arm-none-eabi/9.3.1/../../../../arm-none-eabi/lib/thumb/v7e-m+fp/hard\libc_nano.a(lib_a-exit.o) (_global_impure_ptr)
c:/st/stm32cubeide_1.6.1/stm32cubeide/plugins/com.st.stm32cube.ide.mcu.externaltools.gnu-tools-for-stm32.9-2020-q2-update.win32_1.5.0.202011040924/tools/bin/../lib/gcc/arm-none-eabi/9.3.1/../../../../arm-none-eabi/lib/thumb/v7e-m+fp/hard\libc_nano.a(lib_a-init.o)
                              c:/st/stm32cubeide_1.6.1/stm32cubeide/plugins/com.st.stm32cube.ide.mcu.externaltools.gnu-tools-for-stm32.9-2020-q2-update.win32_1.5.0.202011040924/tools/bin/../lib/gcc/arm-none-eabi/9.3.1/../../../../arm-none-eabi/lib/thumb/v7e-m+fp/hard/crt0.o (__libc_init_array)
c:/st/stm32cubeide_1.6.1/stm32cubeide/plugins/com.st.stm32cube.ide.mcu.externaltools.gnu-tools-for-stm32.9-2020-q2-update.win32_1.5.0.202011040924/tools/bin/../lib/gcc/arm-none-eabi/9.3.1/../../../../arm-none-eabi/lib/thumb/v7e-m+fp/hard\libc_nano.a(lib_a-memset.o)
                              c:/st/stm32cubeide_1.6.1/stm32cubeide/plugins/com.st.stm32cube.ide.mcu.externaltools.gnu-tools-for-stm32.9-2020-q2-update.win32_1.5.0.202011040924/tools/bin/../lib/gcc/arm-none-eabi/9.3.1/../../../../arm-none-eabi/lib/thumb/v7e-m+fp/hard/crt0.o (memset)

Allocating common symbols
Common symbol       size              file

App                 0x1               Sources/bootloader.o

Discarded input sections

 .text          0x0000000000000000        0x0 c:/st/stm32cubeide_1.6.1/stm32cubeide/plugins/com.st.stm32cube.ide.mcu.externaltools.gnu-tools-for-stm32.9-2020-q2-update.win32_1.5.0.202011040924/tools/bin/../lib/gcc/arm-none-eabi/9.3.1/thumb/v7e-m+fp/hard/crti.o
 .data          0x0000000000000000        0x0 c:/st/stm32cubeide_1.6.1/stm32cubeide/plugins/com.st.stm32cube.ide.mcu.externaltools.gnu-tools-for-stm32.9-2020-q2-update.win32_1.5.0.202011040924/tools/bin/../lib/gcc/arm-none-eabi/9.3.1/thumb/v7e-m+fp/hard/crti.o
 .bss           0x0000000000000000        0x0 c:/st/stm32cubeide_1.6.1/stm32cubeide/plugins/com.st.stm32cube.ide.mcu.externaltools.gnu-tools-for-stm32.9-2020-q2-update.win32_1.5.0.202011040924/tools/bin/../lib/gcc/arm-none-eabi/9.3.1/thumb/v7e-m+fp/hard/crti.o
 .data          0x0000000000000000        0x4 c:/st/stm32cubeide_1.6.1/stm32cubeide/plugins/com.st.stm32cube.ide.mcu.externaltools.gnu-tools-for-stm32.9-2020-q2-update.win32_1.5.0.202011040924/tools/bin/../lib/gcc/arm-none-eabi/9.3.1/thumb/v7e-m+fp/hard/crtbegin.o
 .text          0x0000000000000000       0x7c c:/st/stm32cubeide_1.6.1/stm32cubeide/plugins/com.st.stm32cube.ide.mcu.externaltools.gnu-tools-for-stm32.9-2020-q2-update.win32_1.5.0.202011040924/tools/bin/../lib/gcc/arm-none-eabi/9.3.1/../../../../arm-none-eabi/lib/thumb/v7e-m+fp/hard/crt0.o
 .data          0x0000000000000000        0x0 c:/st/stm32cubeide_1.6.1/stm32cubeide/plugins/com.st.stm32cube.ide.mcu.externaltools.gnu-tools-for-stm32.9-2020-q2-update.win32_1.5.0.202011040924/tools/bin/../lib/gcc/arm-none-eabi/9.3.1/../../../../arm-none-eabi/lib/thumb/v7e-m+fp/hard/crt0.o
 .bss           0x0000000000000000        0x0 c:/st/stm32cubeide_1.6.1/stm32cubeide/plugins/com.st.stm32cube.ide.mcu.externaltools.gnu-tools-for-stm32.9-2020-q2-update.win32_1.5.0.202011040924/tools/bin/../lib/gcc/arm-none-eabi/9.3.1/../../../../arm-none-eabi/lib/thumb/v7e-m+fp/hard/crt0.o
 .ARM.extab     0x0000000000000000        0x0 c:/st/stm32cubeide_1.6.1/stm32cubeide/plugins/com.st.stm32cube.ide.mcu.externaltools.gnu-tools-for-stm32.9-2020-q2-update.win32_1.5.0.202011040924/tools/bin/../lib/gcc/arm-none-eabi/9.3.1/../../../../arm-none-eabi/lib/thumb/v7e-m+fp/hard/crt0.o
 .ARM.exidx     0x0000000000000000       0x10 c:/st/stm32cubeide_1.6.1/stm32cubeide/plugins/com.st.stm32cube.ide.mcu.externaltools.gnu-tools-for-stm32.9-2020-q2-update.win32_1.5.0.202011040924/tools/bin/../lib/gcc/arm-none-eabi/9.3.1/../../../../arm-none-eabi/lib/thumb/v7e-m+fp/hard/crt0.o
 .ARM.attributes
                0x0000000000000000       0x1c c:/st/stm32cubeide_1.6.1/stm32cubeide/plugins/com.st.stm32cube.ide.mcu.externaltools.gnu-tools-for-stm32.9-2020-q2-update.win32_1.5.0.202011040924/tools/bin/../lib/gcc/arm-none-eabi/9.3.1/../../../../arm-none-eabi/lib/thumb/v7e-m+fp/hard/crt0.o
 .group         0x0000000000000000        0xc Sources/MCU_Core/syscalls.o
 .group         0x0000000000000000        0xc Sources/MCU_Core/syscalls.o
 .group         0x0000000000000000        0xc Sources/MCU_Core/syscalls.o
 .group         0x0000000000000000        0xc Sources/MCU_Core/syscalls.o
 .group         0x0000000000000000        0xc Sources/MCU_Core/syscalls.o
 .group         0x0000000000000000        0xc Sources/MCU_Core/syscalls.o
 .group         0x0000000000000000        0xc Sources/MCU_Core/syscalls.o
 .group         0x0000000000000000        0xc Sources/MCU_Core/syscalls.o
 .group         0x0000000000000000        0xc Sources/MCU_Core/syscalls.o
 .group         0x0000000000000000        0xc Sources/MCU_Core/syscalls.o
 .group         0x0000000000000000        0xc Sources/MCU_Core/syscalls.o
 .group         0x0000000000000000        0xc Sources/MCU_Core/syscalls.o
 .group         0x0000000000000000        0xc Sources/MCU_Core/syscalls.o
 .group         0x0000000000000000        0xc Sources/MCU_Core/syscalls.o
 .group         0x0000000000000000        0xc Sources/MCU_Core/syscalls.o
 .group         0x0000000000000000        0xc Sources/MCU_Core/syscalls.o
 .group         0x0000000000000000        0xc Sources/MCU_Core/syscalls.o
 .group         0x0000000000000000        0xc Sources/MCU_Core/syscalls.o
 .group         0x0000000000000000        0xc Sources/MCU_Core/syscalls.o
 .group         0x0000000000000000        0xc Sources/MCU_Core/syscalls.o
 .group         0x0000000000000000        0xc Sources/MCU_Core/syscalls.o
 .group         0x0000000000000000        0xc Sources/MCU_Core/syscalls.o
 .group         0x0000000000000000        0xc Sources/MCU_Core/syscalls.o
 .group         0x0000000000000000        0xc Sources/MCU_Core/syscalls.o
 .group         0x0000000000000000        0xc Sources/MCU_Core/syscalls.o
 .group         0x0000000000000000        0xc Sources/MCU_Core/syscalls.o
 .group         0x0000000000000000        0xc Sources/MCU_Core/syscalls.o
 .group         0x0000000000000000        0xc Sources/MCU_Core/syscalls.o
 .group         0x0000000000000000        0xc Sources/MCU_Core/syscalls.o
 .group         0x0000000000000000        0xc Sources/MCU_Core/syscalls.o
 .group         0x0000000000000000        0xc Sources/MCU_Core/syscalls.o
 .group         0x0000000000000000        0xc Sources/MCU_Core/syscalls.o
 .group         0x0000000000000000        0xc Sources/MCU_Core/syscalls.o
 .group         0x0000000000000000        0xc Sources/MCU_Core/syscalls.o
 .group         0x0000000000000000        0xc Sources/MCU_Core/syscalls.o
 .group         0x0000000000000000        0xc Sources/MCU_Core/syscalls.o
 .group         0x0000000000000000        0xc Sources/MCU_Core/syscalls.o
 .group         0x0000000000000000        0xc Sources/MCU_Core/syscalls.o
 .group         0x0000000000000000        0xc Sources/MCU_Core/syscalls.o
 .group         0x0000000000000000        0xc Sources/MCU_Core/syscalls.o
 .group         0x0000000000000000        0xc Sources/MCU_Core/syscalls.o
 .group         0x0000000000000000        0xc Sources/MCU_Core/syscalls.o
 .group         0x0000000000000000        0xc Sources/MCU_Core/syscalls.o
 .group         0x0000000000000000        0xc Sources/MCU_Core/syscalls.o
 .group         0x0000000000000000        0xc Sources/MCU_Core/syscalls.o
 .group         0x0000000000000000        0xc Sources/MCU_Core/syscalls.o
 .group         0x0000000000000000        0xc Sources/MCU_Core/syscalls.o
 .text          0x0000000000000000        0x0 Sources/MCU_Core/syscalls.o
 .data          0x0000000000000000        0x0 Sources/MCU_Core/syscalls.o
 .bss           0x0000000000000000        0x0 Sources/MCU_Core/syscalls.o
 .bss.__env     0x0000000000000000        0x4 Sources/MCU_Core/syscalls.o
 .data.environ  0x0000000000000000        0x4 Sources/MCU_Core/syscalls.o
 .text.initialise_monitor_handles
                0x0000000000000000        0xe Sources/MCU_Core/syscalls.o
 .text._getpid  0x0000000000000000       0x10 Sources/MCU_Core/syscalls.o
 .text._kill    0x0000000000000000       0x20 Sources/MCU_Core/syscalls.o
 .text._exit    0x0000000000000000       0x14 Sources/MCU_Core/syscalls.o
 .text._read    0x0000000000000000       0x3a Sources/MCU_Core/syscalls.o
 .text._write   0x0000000000000000       0x38 Sources/MCU_Core/syscalls.o
 .text._close   0x0000000000000000       0x18 Sources/MCU_Core/syscalls.o
 .text._fstat   0x0000000000000000       0x20 Sources/MCU_Core/syscalls.o
 .text._isatty  0x0000000000000000       0x16 Sources/MCU_Core/syscalls.o
 .text._lseek   0x0000000000000000       0x1a Sources/MCU_Core/syscalls.o
 .text._open    0x0000000000000000       0x1c Sources/MCU_Core/syscalls.o
 .text._wait    0x0000000000000000       0x1e Sources/MCU_Core/syscalls.o
 .text._unlink  0x0000000000000000       0x1e Sources/MCU_Core/syscalls.o
 .text._times   0x0000000000000000       0x18 Sources/MCU_Core/syscalls.o
 .text._stat    0x0000000000000000       0x20 Sources/MCU_Core/syscalls.o
 .text._link    0x0000000000000000       0x20 Sources/MCU_Core/syscalls.o
 .text._fork    0x0000000000000000       0x16 Sources/MCU_Core/syscalls.o
 .text._execve  0x0000000000000000       0x22 Sources/MCU_Core/syscalls.o
 .debug_info    0x0000000000000000      0xfb4 Sources/MCU_Core/syscalls.o
 .debug_abbrev  0x0000000000000000      0x297 Sources/MCU_Core/syscalls.o
 .debug_aranges
                0x0000000000000000       0xa8 Sources/MCU_Core/syscalls.o
 .debug_ranges  0x0000000000000000       0x98 Sources/MCU_Core/syscalls.o
 .debug_macro   0x0000000000000000      0x24c Sources/MCU_Core/syscalls.o
 .debug_macro   0x0000000000000000      0xaa2 Sources/MCU_Core/syscalls.o
 .debug_macro   0x0000000000000000       0x22 Sources/MCU_Core/syscalls.o
 .debug_macro   0x0000000000000000       0x4c Sources/MCU_Core/syscalls.o
 .debug_macro   0x0000000000000000       0x18 Sources/MCU_Core/syscalls.o
 .debug_macro   0x0000000000000000       0x94 Sources/MCU_Core/syscalls.o
 .debug_macro   0x0000000000000000       0x3c Sources/MCU_Core/syscalls.o
 .debug_macro   0x0000000000000000       0x34 Sources/MCU_Core/syscalls.o
 .debug_macro   0x0000000000000000       0x57 Sources/MCU_Core/syscalls.o
 .debug_macro   0x0000000000000000      0x174 Sources/MCU_Core/syscalls.o
 .debug_macro   0x0000000000000000      0x339 Sources/MCU_Core/syscalls.o
 .debug_macro   0x0000000000000000       0x16 Sources/MCU_Core/syscalls.o
 .debug_macro   0x0000000000000000       0x43 Sources/MCU_Core/syscalls.o
 .debug_macro   0x0000000000000000       0x34 Sources/MCU_Core/syscalls.o
 .debug_macro   0x0000000000000000       0x10 Sources/MCU_Core/syscalls.o
 .debug_macro   0x0000000000000000       0x58 Sources/MCU_Core/syscalls.o
 .debug_macro   0x0000000000000000       0x71 Sources/MCU_Core/syscalls.o
 .debug_macro   0x0000000000000000       0x1c Sources/MCU_Core/syscalls.o
 .debug_macro   0x0000000000000000      0x12a Sources/MCU_Core/syscalls.o
 .debug_macro   0x0000000000000000       0x10 Sources/MCU_Core/syscalls.o
 .debug_macro   0x0000000000000000       0x35 Sources/MCU_Core/syscalls.o
 .debug_macro   0x0000000000000000       0x10 Sources/MCU_Core/syscalls.o
 .debug_macro   0x0000000000000000       0x10 Sources/MCU_Core/syscalls.o
 .debug_macro   0x0000000000000000       0x10 Sources/MCU_Core/syscalls.o
 .debug_macro   0x0000000000000000       0x6a Sources/MCU_Core/syscalls.o
 .debug_macro   0x0000000000000000       0x1c Sources/MCU_Core/syscalls.o
 .debug_macro   0x0000000000000000       0x52 Sources/MCU_Core/syscalls.o
 .debug_macro   0x0000000000000000       0x22 Sources/MCU_Core/syscalls.o
 .debug_macro   0x0000000000000000       0x10 Sources/MCU_Core/syscalls.o
 .debug_macro   0x0000000000000000       0x40 Sources/MCU_Core/syscalls.o
 .debug_macro   0x0000000000000000       0xd5 Sources/MCU_Core/syscalls.o
 .debug_macro   0x0000000000000000       0x1c Sources/MCU_Core/syscalls.o
 .debug_macro   0x0000000000000000       0x3d Sources/MCU_Core/syscalls.o
 .debug_macro   0x0000000000000000       0x35 Sources/MCU_Core/syscalls.o
 .debug_macro   0x0000000000000000      0x12c Sources/MCU_Core/syscalls.o
 .debug_macro   0x0000000000000000       0x16 Sources/MCU_Core/syscalls.o
 .debug_macro   0x0000000000000000       0x16 Sources/MCU_Core/syscalls.o
 .debug_macro   0x0000000000000000       0x29 Sources/MCU_Core/syscalls.o
 .debug_macro   0x0000000000000000       0x10 Sources/MCU_Core/syscalls.o
 .debug_macro   0x0000000000000000      0x241 Sources/MCU_Core/syscalls.o
 .debug_macro   0x0000000000000000       0x1c Sources/MCU_Core/syscalls.o
 .debug_macro   0x0000000000000000       0x10 Sources/MCU_Core/syscalls.o
 .debug_macro   0x0000000000000000       0x10 Sources/MCU_Core/syscalls.o
 .debug_macro   0x0000000000000000       0x16 Sources/MCU_Core/syscalls.o
 .debug_macro   0x0000000000000000      0x145 Sources/MCU_Core/syscalls.o
 .debug_macro   0x0000000000000000      0x189 Sources/MCU_Core/syscalls.o
 .debug_macro   0x0000000000000000       0x16 Sources/MCU_Core/syscalls.o
 .debug_macro   0x0000000000000000       0xce Sources/MCU_Core/syscalls.o
 .debug_line    0x0000000000000000      0x80a Sources/MCU_Core/syscalls.o
 .debug_str     0x0000000000000000     0x8ebf Sources/MCU_Core/syscalls.o
 .comment       0x0000000000000000       0x54 Sources/MCU_Core/syscalls.o
 .debug_frame   0x0000000000000000      0x2ac Sources/MCU_Core/syscalls.o
 .ARM.attributes
                0x0000000000000000       0x34 Sources/MCU_Core/syscalls.o
 .group         0x0000000000000000        0xc Sources/MCU_Core/sysmem.o
 .group         0x0000000000000000        0xc Sources/MCU_Core/sysmem.o
 .group         0x0000000000000000        0xc Sources/MCU_Core/sysmem.o
 .group         0x0000000000000000        0xc Sources/MCU_Core/sysmem.o
 .group         0x0000000000000000        0xc Sources/MCU_Core/sysmem.o
 .group         0x0000000000000000        0xc Sources/MCU_Core/sysmem.o
 .group         0x0000000000000000        0xc Sources/MCU_Core/sysmem.o
 .group         0x0000000000000000        0xc Sources/MCU_Core/sysmem.o
 .group         0x0000000000000000        0xc Sources/MCU_Core/sysmem.o
 .group         0x0000000000000000        0xc Sources/MCU_Core/sysmem.o
 .group         0x0000000000000000        0xc Sources/MCU_Core/sysmem.o
 .group         0x0000000000000000        0xc Sources/MCU_Core/sysmem.o
 .group         0x0000000000000000        0xc Sources/MCU_Core/sysmem.o
 .group         0x0000000000000000        0xc Sources/MCU_Core/sysmem.o
 .group         0x0000000000000000        0xc Sources/MCU_Core/sysmem.o
 .group         0x0000000000000000        0xc Sources/MCU_Core/sysmem.o
 .group         0x0000000000000000        0xc Sources/MCU_Core/sysmem.o
 .group         0x0000000000000000        0xc Sources/MCU_Core/sysmem.o
 .group         0x0000000000000000        0xc Sources/MCU_Core/sysmem.o
 .group         0x0000000000000000        0xc Sources/MCU_Core/sysmem.o
 .group         0x0000000000000000        0xc Sources/MCU_Core/sysmem.o
 .group         0x0000000000000000        0xc Sources/MCU_Core/sysmem.o
 .text          0x0000000000000000        0x0 Sources/MCU_Core/sysmem.o
 .data          0x0000000000000000        0x0 Sources/MCU_Core/sysmem.o
 .bss           0x0000000000000000        0x0 Sources/MCU_Core/sysmem.o
 .bss.__sbrk_heap_end
                0x0000000000000000        0x4 Sources/MCU_Core/sysmem.o
 .text._sbrk    0x0000000000000000       0x6c Sources/MCU_Core/sysmem.o
 .debug_info    0x0000000000000000      0xa25 Sources/MCU_Core/sysmem.o
 .debug_abbrev  0x0000000000000000      0x1bf Sources/MCU_Core/sysmem.o
 .debug_aranges
                0x0000000000000000       0x20 Sources/MCU_Core/sysmem.o
 .debug_ranges  0x0000000000000000       0x10 Sources/MCU_Core/sysmem.o
 .debug_macro   0x0000000000000000       0xff Sources/MCU_Core/sysmem.o
 .debug_macro   0x0000000000000000      0xaa2 Sources/MCU_Core/sysmem.o
 .debug_macro   0x0000000000000000       0x10 Sources/MCU_Core/sysmem.o
 .debug_macro   0x0000000000000000       0x22 Sources/MCU_Core/sysmem.o
 .debug_macro   0x0000000000000000       0x4c Sources/MCU_Core/sysmem.o
 .debug_macro   0x0000000000000000       0x18 Sources/MCU_Core/sysmem.o
 .debug_macro   0x0000000000000000       0x94 Sources/MCU_Core/sysmem.o
 .debug_macro   0x0000000000000000       0x3c Sources/MCU_Core/sysmem.o
 .debug_macro   0x0000000000000000       0x34 Sources/MCU_Core/sysmem.o
 .debug_macro   0x0000000000000000      0x174 Sources/MCU_Core/sysmem.o
 .debug_macro   0x0000000000000000       0x16 Sources/MCU_Core/sysmem.o
 .debug_macro   0x0000000000000000       0x43 Sources/MCU_Core/sysmem.o
 .debug_macro   0x0000000000000000       0x57 Sources/MCU_Core/sysmem.o
 .debug_macro   0x0000000000000000       0x34 Sources/MCU_Core/sysmem.o
 .debug_macro   0x0000000000000000       0x10 Sources/MCU_Core/sysmem.o
 .debug_macro   0x0000000000000000       0x58 Sources/MCU_Core/sysmem.o
 .debug_macro   0x0000000000000000       0x71 Sources/MCU_Core/sysmem.o
 .debug_macro   0x0000000000000000       0x1c Sources/MCU_Core/sysmem.o
 .debug_macro   0x0000000000000000      0x12a Sources/MCU_Core/sysmem.o
 .debug_macro   0x0000000000000000      0x23b Sources/MCU_Core/sysmem.o
 .debug_macro   0x0000000000000000      0x103 Sources/MCU_Core/sysmem.o
 .debug_macro   0x0000000000000000       0x6a Sources/MCU_Core/sysmem.o
 .debug_macro   0x0000000000000000      0x1df Sources/MCU_Core/sysmem.o
 .debug_line    0x0000000000000000      0x500 Sources/MCU_Core/sysmem.o
 .debug_str     0x0000000000000000     0x6288 Sources/MCU_Core/sysmem.o
 .comment       0x0000000000000000       0x54 Sources/MCU_Core/sysmem.o
 .debug_frame   0x0000000000000000       0x34 Sources/MCU_Core/sysmem.o
 .ARM.attributes
                0x0000000000000000       0x34 Sources/MCU_Core/sysmem.o
 .group         0x0000000000000000        0xc Sources/bootloader.o
 .group         0x0000000000000000        0xc Sources/bootloader.o
 .group         0x0000000000000000        0xc Sources/bootloader.o
 .group         0x0000000000000000        0xc Sources/bootloader.o
 .group         0x0000000000000000        0xc Sources/bootloader.o
 .group         0x0000000000000000        0xc Sources/bootloader.o
 .group         0x0000000000000000        0xc Sources/bootloader.o
 .group         0x0000000000000000        0xc Sources/bootloader.o
 .group         0x0000000000000000        0xc Sources/bootloader.o
 .group         0x0000000000000000        0xc Sources/bootloader.o
 .group         0x0000000000000000        0xc Sources/bootloader.o
 .group         0x0000000000000000        0xc Sources/bootloader.o
 .group         0x0000000000000000        0xc Sources/bootloader.o
 .group         0x0000000000000000        0xc Sources/bootloader.o
 .group         0x0000000000000000        0xc Sources/bootloader.o
 .group         0x0000000000000000        0xc Sources/bootloader.o
 .group         0x0000000000000000        0xc Sources/bootloader.o
 .text          0x0000000000000000        0x0 Sources/bootloader.o
 .data          0x0000000000000000        0x0 Sources/bootloader.o
 .bss           0x0000000000000000        0x0 Sources/bootloader.o
 .debug_macro   0x0000000000000000      0xaa2 Sources/bootloader.o
 .debug_macro   0x0000000000000000       0x22 Sources/bootloader.o
 .debug_macro   0x0000000000000000      0x103 Sources/bootloader.o
 .debug_macro   0x0000000000000000       0x6a Sources/bootloader.o
 .debug_macro   0x0000000000000000      0x1df Sources/bootloader.o
 .group         0x0000000000000000        0xc Sources/hardware.o
 .group         0x0000000000000000        0xc Sources/hardware.o
 .group         0x0000000000000000        0xc Sources/hardware.o
 .group         0x0000000000000000        0xc Sources/hardware.o
 .group         0x0000000000000000        0xc Sources/hardware.o
 .group         0x0000000000000000        0xc Sources/hardware.o
 .group         0x0000000000000000        0xc Sources/hardware.o
 .group         0x0000000000000000        0xc Sources/hardware.o
 .group         0x0000000000000000        0xc Sources/hardware.o
 .group         0x0000000000000000        0xc Sources/hardware.o
 .group         0x0000000000000000        0xc Sources/hardware.o
 .group         0x0000000000000000        0xc Sources/hardware.o
 .group         0x0000000000000000        0xc Sources/hardware.o
 .group         0x0000000000000000        0xc Sources/hardware.o
 .group         0x0000000000000000        0xc Sources/hardware.o
 .text          0x0000000000000000        0x0 Sources/hardware.o
 .data          0x0000000000000000        0x0 Sources/hardware.o
 .bss           0x0000000000000000        0x0 Sources/hardware.o
 .debug_macro   0x0000000000000000      0xaa2 Sources/hardware.o
 .debug_macro   0x0000000000000000       0x1c Sources/hardware.o
 .debug_macro   0x0000000000000000       0x28 Sources/hardware.o
 .debug_macro   0x0000000000000000       0x22 Sources/hardware.o
 .debug_macro   0x0000000000000000       0x8e Sources/hardware.o
 .debug_macro   0x0000000000000000       0x51 Sources/hardware.o
 .debug_macro   0x0000000000000000      0x103 Sources/hardware.o
 .debug_macro   0x0000000000000000       0x6a Sources/hardware.o
 .debug_macro   0x0000000000000000      0x1df Sources/hardware.o
 .debug_macro   0x0000000000000000       0x1c Sources/hardware.o
 .debug_macro   0x0000000000000000       0x22 Sources/hardware.o
 .debug_macro   0x0000000000000000      0x101 Sources/hardware.o
 .debug_macro   0x0000000000000000     0x1011 Sources/hardware.o
 .debug_macro   0x0000000000000000      0x11f Sources/hardware.o
 .debug_macro   0x0000000000000000    0x1512a Sources/hardware.o
 .group         0x0000000000000000        0xc Sources/isr.o
 .group         0x0000000000000000        0xc Sources/isr.o
 .group         0x0000000000000000        0xc Sources/isr.o
 .group         0x0000000000000000        0xc Sources/isr.o
 .group         0x0000000000000000        0xc Sources/isr.o
 .group         0x0000000000000000        0xc Sources/isr.o
 .group         0x0000000000000000        0xc Sources/isr.o
 .group         0x0000000000000000        0xc Sources/isr.o
 .group         0x0000000000000000        0xc Sources/isr.o
 .group         0x0000000000000000        0xc Sources/isr.o
 .group         0x0000000000000000        0xc Sources/isr.o
 .group         0x0000000000000000        0xc Sources/isr.o
 .group         0x0000000000000000        0xc Sources/isr.o
 .group         0x0000000000000000        0xc Sources/isr.o
 .group         0x0000000000000000        0xc Sources/isr.o
 .group         0x0000000000000000        0xc Sources/isr.o
 .text          0x0000000000000000        0x0 Sources/isr.o
 .data          0x0000000000000000        0x0 Sources/isr.o
 .bss           0x0000000000000000        0x0 Sources/isr.o
 .debug_macro   0x0000000000000000      0xaa2 Sources/isr.o
 .debug_macro   0x0000000000000000       0x1c Sources/isr.o
 .debug_macro   0x0000000000000000       0x28 Sources/isr.o
 .debug_macro   0x0000000000000000       0x22 Sources/isr.o
 .debug_macro   0x0000000000000000       0x8e Sources/isr.o
 .debug_macro   0x0000000000000000       0x51 Sources/isr.o
 .debug_macro   0x0000000000000000      0x103 Sources/isr.o
 .debug_macro   0x0000000000000000       0x6a Sources/isr.o
 .debug_macro   0x0000000000000000      0x1df Sources/isr.o
 .debug_macro   0x0000000000000000       0x1c Sources/isr.o
 .debug_macro   0x0000000000000000       0x22 Sources/isr.o
 .debug_macro   0x0000000000000000      0x101 Sources/isr.o
 .debug_macro   0x0000000000000000     0x1011 Sources/isr.o
 .debug_macro   0x0000000000000000      0x11f Sources/isr.o
 .debug_macro   0x0000000000000000    0x1512a Sources/isr.o
 .debug_macro   0x0000000000000000       0x10 Sources/isr.o
 .group         0x0000000000000000        0xc Sources/main.o
 .group         0x0000000000000000        0xc Sources/main.o
 .group         0x0000000000000000        0xc Sources/main.o
 .group         0x0000000000000000        0xc Sources/main.o
 .group         0x0000000000000000        0xc Sources/main.o
 .group         0x0000000000000000        0xc Sources/main.o
 .group         0x0000000000000000        0xc Sources/main.o
 .group         0x0000000000000000        0xc Sources/main.o
 .group         0x0000000000000000        0xc Sources/main.o
 .group         0x0000000000000000        0xc Sources/main.o
 .group         0x0000000000000000        0xc Sources/main.o
 .group         0x0000000000000000        0xc Sources/main.o
 .group         0x0000000000000000        0xc Sources/main.o
 .group         0x0000000000000000        0xc Sources/main.o
 .group         0x0000000000000000        0xc Sources/main.o
 .group         0x0000000000000000        0xc Sources/main.o
 .group         0x0000000000000000        0xc Sources/main.o
 .text          0x0000000000000000        0x0 Sources/main.o
 .data          0x0000000000000000        0x0 Sources/main.o
 .bss           0x0000000000000000        0x0 Sources/main.o
 .debug_macro   0x0000000000000000      0xaa2 Sources/main.o
 .debug_macro   0x0000000000000000       0x1c Sources/main.o
 .debug_macro   0x0000000000000000       0x28 Sources/main.o
 .debug_macro   0x0000000000000000       0x22 Sources/main.o
 .debug_macro   0x0000000000000000       0x8e Sources/main.o
 .debug_macro   0x0000000000000000       0x51 Sources/main.o
 .debug_macro   0x0000000000000000      0x103 Sources/main.o
 .debug_macro   0x0000000000000000       0x6a Sources/main.o
 .debug_macro   0x0000000000000000      0x1df Sources/main.o
 .debug_macro   0x0000000000000000       0x1c Sources/main.o
 .debug_macro   0x0000000000000000       0x22 Sources/main.o
 .debug_macro   0x0000000000000000      0x101 Sources/main.o
 .debug_macro   0x0000000000000000     0x1011 Sources/main.o
 .debug_macro   0x0000000000000000      0x11f Sources/main.o
 .debug_macro   0x0000000000000000    0x1512a Sources/main.o
 .debug_macro   0x0000000000000000       0x10 Sources/main.o
 .debug_macro   0x0000000000000000       0x22 Sources/main.o
 .text          0x0000000000000000       0x14 Startup/startup_stm32l431rctx.o
 .data          0x0000000000000000        0x0 Startup/startup_stm32l431rctx.o
 .bss           0x0000000000000000        0x0 Startup/startup_stm32l431rctx.o
 .text          0x0000000000000000        0x0 c:/st/stm32cubeide_1.6.1/stm32cubeide/plugins/com.st.stm32cube.ide.mcu.externaltools.gnu-tools-for-stm32.9-2020-q2-update.win32_1.5.0.202011040924/tools/bin/../lib/gcc/arm-none-eabi/9.3.1/../../../../arm-none-eabi/lib/thumb/v7e-m+fp/hard\libc_nano.a(lib_a-errno.o)
 .data          0x0000000000000000        0x0 c:/st/stm32cubeide_1.6.1/stm32cubeide/plugins/com.st.stm32cube.ide.mcu.externaltools.gnu-tools-for-stm32.9-2020-q2-update.win32_1.5.0.202011040924/tools/bin/../lib/gcc/arm-none-eabi/9.3.1/../../../../arm-none-eabi/lib/thumb/v7e-m+fp/hard\libc_nano.a(lib_a-errno.o)
 .bss           0x0000000000000000        0x0 c:/st/stm32cubeide_1.6.1/stm32cubeide/plugins/com.st.stm32cube.ide.mcu.externaltools.gnu-tools-for-stm32.9-2020-q2-update.win32_1.5.0.202011040924/tools/bin/../lib/gcc/arm-none-eabi/9.3.1/../../../../arm-none-eabi/lib/thumb/v7e-m+fp/hard\libc_nano.a(lib_a-errno.o)
 .text.__errno  0x0000000000000000        0xc c:/st/stm32cubeide_1.6.1/stm32cubeide/plugins/com.st.stm32cube.ide.mcu.externaltools.gnu-tools-for-stm32.9-2020-q2-update.win32_1.5.0.202011040924/tools/bin/../lib/gcc/arm-none-eabi/9.3.1/../../../../arm-none-eabi/lib/thumb/v7e-m+fp/hard\libc_nano.a(lib_a-errno.o)
 .debug_frame   0x0000000000000000       0x20 c:/st/stm32cubeide_1.6.1/stm32cubeide/plugins/com.st.stm32cube.ide.mcu.externaltools.gnu-tools-for-stm32.9-2020-q2-update.win32_1.5.0.202011040924/tools/bin/../lib/gcc/arm-none-eabi/9.3.1/../../../../arm-none-eabi/lib/thumb/v7e-m+fp/hard\libc_nano.a(lib_a-errno.o)
 .ARM.attributes
                0x0000000000000000       0x34 c:/st/stm32cubeide_1.6.1/stm32cubeide/plugins/com.st.stm32cube.ide.mcu.externaltools.gnu-tools-for-stm32.9-2020-q2-update.win32_1.5.0.202011040924/tools/bin/../lib/gcc/arm-none-eabi/9.3.1/../../../../arm-none-eabi/lib/thumb/v7e-m+fp/hard\libc_nano.a(lib_a-errno.o)
 .text          0x0000000000000000        0x0 c:/st/stm32cubeide_1.6.1/stm32cubeide/plugins/com.st.stm32cube.ide.mcu.externaltools.gnu-tools-for-stm32.9-2020-q2-update.win32_1.5.0.202011040924/tools/bin/../lib/gcc/arm-none-eabi/9.3.1/../../../../arm-none-eabi/lib/thumb/v7e-m+fp/hard\libc_nano.a(lib_a-exit.o)
 .data          0x0000000000000000        0x0 c:/st/stm32cubeide_1.6.1/stm32cubeide/plugins/com.st.stm32cube.ide.mcu.externaltools.gnu-tools-for-stm32.9-2020-q2-update.win32_1.5.0.202011040924/tools/bin/../lib/gcc/arm-none-eabi/9.3.1/../../../../arm-none-eabi/lib/thumb/v7e-m+fp/hard\libc_nano.a(lib_a-exit.o)
 .bss           0x0000000000000000        0x0 c:/st/stm32cubeide_1.6.1/stm32cubeide/plugins/com.st.stm32cube.ide.mcu.externaltools.gnu-tools-for-stm32.9-2020-q2-update.win32_1.5.0.202011040924/tools/bin/../lib/gcc/arm-none-eabi/9.3.1/../../../../arm-none-eabi/lib/thumb/v7e-m+fp/hard\libc_nano.a(lib_a-exit.o)
 .text.exit     0x0000000000000000       0x28 c:/st/stm32cubeide_1.6.1/stm32cubeide/plugins/com.st.stm32cube.ide.mcu.externaltools.gnu-tools-for-stm32.9-2020-q2-update.win32_1.5.0.202011040924/tools/bin/../lib/gcc/arm-none-eabi/9.3.1/../../../../arm-none-eabi/lib/thumb/v7e-m+fp/hard\libc_nano.a(lib_a-exit.o)
 .debug_frame   0x0000000000000000       0x28 c:/st/stm32cubeide_1.6.1/stm32cubeide/plugins/com.st.stm32cube.ide.mcu.externaltools.gnu-tools-for-stm32.9-2020-q2-update.win32_1.5.0.202011040924/tools/bin/../lib/gcc/arm-none-eabi/9.3.1/../../../../arm-none-eabi/lib/thumb/v7e-m+fp/hard\libc_nano.a(lib_a-exit.o)
 .ARM.attributes
                0x0000000000000000       0x34 c:/st/stm32cubeide_1.6.1/stm32cubeide/plugins/com.st.stm32cube.ide.mcu.externaltools.gnu-tools-for-stm32.9-2020-q2-update.win32_1.5.0.202011040924/tools/bin/../lib/gcc/arm-none-eabi/9.3.1/../../../../arm-none-eabi/lib/thumb/v7e-m+fp/hard\libc_nano.a(lib_a-exit.o)
 .text          0x0000000000000000        0x0 c:/st/stm32cubeide_1.6.1/stm32cubeide/plugins/com.st.stm32cube.ide.mcu.externaltools.gnu-tools-for-stm32.9-2020-q2-update.win32_1.5.0.202011040924/tools/bin/../lib/gcc/arm-none-eabi/9.3.1/../../../../arm-none-eabi/lib/thumb/v7e-m+fp/hard\libc_nano.a(lib_a-impure.o)
 .data          0x0000000000000000        0x0 c:/st/stm32cubeide_1.6.1/stm32cubeide/plugins/com.st.stm32cube.ide.mcu.externaltools.gnu-tools-for-stm32.9-2020-q2-update.win32_1.5.0.202011040924/tools/bin/../lib/gcc/arm-none-eabi/9.3.1/../../../../arm-none-eabi/lib/thumb/v7e-m+fp/hard\libc_nano.a(lib_a-impure.o)
 .bss           0x0000000000000000        0x0 c:/st/stm32cubeide_1.6.1/stm32cubeide/plugins/com.st.stm32cube.ide.mcu.externaltools.gnu-tools-for-stm32.9-2020-q2-update.win32_1.5.0.202011040924/tools/bin/../lib/gcc/arm-none-eabi/9.3.1/../../../../arm-none-eabi/lib/thumb/v7e-m+fp/hard\libc_nano.a(lib_a-impure.o)
 .data._impure_ptr
                0x0000000000000000        0x4 c:/st/stm32cubeide_1.6.1/stm32cubeide/plugins/com.st.stm32cube.ide.mcu.externaltools.gnu-tools-for-stm32.9-2020-q2-update.win32_1.5.0.202011040924/tools/bin/../lib/gcc/arm-none-eabi/9.3.1/../../../../arm-none-eabi/lib/thumb/v7e-m+fp/hard\libc_nano.a(lib_a-impure.o)
 .data.impure_data
                0x0000000000000000       0x60 c:/st/stm32cubeide_1.6.1/stm32cubeide/plugins/com.st.stm32cube.ide.mcu.externaltools.gnu-tools-for-stm32.9-2020-q2-update.win32_1.5.0.202011040924/tools/bin/../lib/gcc/arm-none-eabi/9.3.1/../../../../arm-none-eabi/lib/thumb/v7e-m+fp/hard\libc_nano.a(lib_a-impure.o)
 .rodata._global_impure_ptr
                0x0000000000000000        0x4 c:/st/stm32cubeide_1.6.1/stm32cubeide/plugins/com.st.stm32cube.ide.mcu.externaltools.gnu-tools-for-stm32.9-2020-q2-update.win32_1.5.0.202011040924/tools/bin/../lib/gcc/arm-none-eabi/9.3.1/../../../../arm-none-eabi/lib/thumb/v7e-m+fp/hard\libc_nano.a(lib_a-impure.o)
 .ARM.attributes
                0x0000000000000000       0x32 c:/st/stm32cubeide_1.6.1/stm32cubeide/plugins/com.st.stm32cube.ide.mcu.externaltools.gnu-tools-for-stm32.9-2020-q2-update.win32_1.5.0.202011040924/tools/bin/../lib/gcc/arm-none-eabi/9.3.1/../../../../arm-none-eabi/lib/thumb/v7e-m+fp/hard\libc_nano.a(lib_a-impure.o)
 .text          0x0000000000000000        0x0 c:/st/stm32cubeide_1.6.1/stm32cubeide/plugins/com.st.stm32cube.ide.mcu.externaltools.gnu-tools-for-stm32.9-2020-q2-update.win32_1.5.0.202011040924/tools/bin/../lib/gcc/arm-none-eabi/9.3.1/../../../../arm-none-eabi/lib/thumb/v7e-m+fp/hard\libc_nano.a(lib_a-init.o)
 .data          0x0000000000000000        0x0 c:/st/stm32cubeide_1.6.1/stm32cubeide/plugins/com.st.stm32cube.ide.mcu.externaltools.gnu-tools-for-stm32.9-2020-q2-update.win32_1.5.0.202011040924/tools/bin/../lib/gcc/arm-none-eabi/9.3.1/../../../../arm-none-eabi/lib/thumb/v7e-m+fp/hard\libc_nano.a(lib_a-init.o)
 .bss           0x0000000000000000        0x0 c:/st/stm32cubeide_1.6.1/stm32cubeide/plugins/com.st.stm32cube.ide.mcu.externaltools.gnu-tools-for-stm32.9-2020-q2-update.win32_1.5.0.202011040924/tools/bin/../lib/gcc/arm-none-eabi/9.3.1/../../../../arm-none-eabi/lib/thumb/v7e-m+fp/hard\libc_nano.a(lib_a-init.o)
 .text          0x0000000000000000        0x0 c:/st/stm32cubeide_1.6.1/stm32cubeide/plugins/com.st.stm32cube.ide.mcu.externaltools.gnu-tools-for-stm32.9-2020-q2-update.win32_1.5.0.202011040924/tools/bin/../lib/gcc/arm-none-eabi/9.3.1/../../../../arm-none-eabi/lib/thumb/v7e-m+fp/hard\libc_nano.a(lib_a-memset.o)
 .data          0x0000000000000000        0x0 c:/st/stm32cubeide_1.6.1/stm32cubeide/plugins/com.st.stm32cube.ide.mcu.externaltools.gnu-tools-for-stm32.9-2020-q2-update.win32_1.5.0.202011040924/tools/bin/../lib/gcc/arm-none-eabi/9.3.1/../../../../arm-none-eabi/lib/thumb/v7e-m+fp/hard\libc_nano.a(lib_a-memset.o)
 .bss           0x0000000000000000        0x0 c:/st/stm32cubeide_1.6.1/stm32cubeide/plugins/com.st.stm32cube.ide.mcu.externaltools.gnu-tools-for-stm32.9-2020-q2-update.win32_1.5.0.202011040924/tools/bin/../lib/gcc/arm-none-eabi/9.3.1/../../../../arm-none-eabi/lib/thumb/v7e-m+fp/hard\libc_nano.a(lib_a-memset.o)
 .text.memset   0x0000000000000000       0x10 c:/st/stm32cubeide_1.6.1/stm32cubeide/plugins/com.st.stm32cube.ide.mcu.externaltools.gnu-tools-for-stm32.9-2020-q2-update.win32_1.5.0.202011040924/tools/bin/../lib/gcc/arm-none-eabi/9.3.1/../../../../arm-none-eabi/lib/thumb/v7e-m+fp/hard\libc_nano.a(lib_a-memset.o)
 .debug_frame   0x0000000000000000       0x20 c:/st/stm32cubeide_1.6.1/stm32cubeide/plugins/com.st.stm32cube.ide.mcu.externaltools.gnu-tools-for-stm32.9-2020-q2-update.win32_1.5.0.202011040924/tools/bin/../lib/gcc/arm-none-eabi/9.3.1/../../../../arm-none-eabi/lib/thumb/v7e-m+fp/hard\libc_nano.a(lib_a-memset.o)
 .ARM.attributes
                0x0000000000000000       0x34 c:/st/stm32cubeide_1.6.1/stm32cubeide/plugins/com.st.stm32cube.ide.mcu.externaltools.gnu-tools-for-stm32.9-2020-q2-update.win32_1.5.0.202011040924/tools/bin/../lib/gcc/arm-none-eabi/9.3.1/../../../../arm-none-eabi/lib/thumb/v7e-m+fp/hard\libc_nano.a(lib_a-memset.o)
 .text          0x0000000000000000        0x0 c:/st/stm32cubeide_1.6.1/stm32cubeide/plugins/com.st.stm32cube.ide.mcu.externaltools.gnu-tools-for-stm32.9-2020-q2-update.win32_1.5.0.202011040924/tools/bin/../lib/gcc/arm-none-eabi/9.3.1/thumb/v7e-m+fp/hard/crtend.o
 .data          0x0000000000000000        0x0 c:/st/stm32cubeide_1.6.1/stm32cubeide/plugins/com.st.stm32cube.ide.mcu.externaltools.gnu-tools-for-stm32.9-2020-q2-update.win32_1.5.0.202011040924/tools/bin/../lib/gcc/arm-none-eabi/9.3.1/thumb/v7e-m+fp/hard/crtend.o
 .bss           0x0000000000000000        0x0 c:/st/stm32cubeide_1.6.1/stm32cubeide/plugins/com.st.stm32cube.ide.mcu.externaltools.gnu-tools-for-stm32.9-2020-q2-update.win32_1.5.0.202011040924/tools/bin/../lib/gcc/arm-none-eabi/9.3.1/thumb/v7e-m+fp/hard/crtend.o
 .eh_frame      0x0000000000000000        0x4 c:/st/stm32cubeide_1.6.1/stm32cubeide/plugins/com.st.stm32cube.ide.mcu.externaltools.gnu-tools-for-stm32.9-2020-q2-update.win32_1.5.0.202011040924/tools/bin/../lib/gcc/arm-none-eabi/9.3.1/thumb/v7e-m+fp/hard/crtend.o
 .ARM.attributes
                0x0000000000000000       0x32 c:/st/stm32cubeide_1.6.1/stm32cubeide/plugins/com.st.stm32cube.ide.mcu.externaltools.gnu-tools-for-stm32.9-2020-q2-update.win32_1.5.0.202011040924/tools/bin/../lib/gcc/arm-none-eabi/9.3.1/thumb/v7e-m+fp/hard/crtend.o
 .text          0x0000000000000000        0x0 c:/st/stm32cubeide_1.6.1/stm32cubeide/plugins/com.st.stm32cube.ide.mcu.externaltools.gnu-tools-for-stm32.9-2020-q2-update.win32_1.5.0.202011040924/tools/bin/../lib/gcc/arm-none-eabi/9.3.1/thumb/v7e-m+fp/hard/crtn.o
 .data          0x0000000000000000        0x0 c:/st/stm32cubeide_1.6.1/stm32cubeide/plugins/com.st.stm32cube.ide.mcu.externaltools.gnu-tools-for-stm32.9-2020-q2-update.win32_1.5.0.202011040924/tools/bin/../lib/gcc/arm-none-eabi/9.3.1/thumb/v7e-m+fp/hard/crtn.o
 .bss           0x0000000000000000        0x0 c:/st/stm32cubeide_1.6.1/stm32cubeide/plugins/com.st.stm32cube.ide.mcu.externaltools.gnu-tools-for-stm32.9-2020-q2-update.win32_1.5.0.202011040924/tools/bin/../lib/gcc/arm-none-eabi/9.3.1/thumb/v7e-m+fp/hard/crtn.o

Memory Configuration

Name             Origin             Length             Attributes
RAM              0x0000000020000000 0x0000000000005000 xrw
FLASH            0x0000000008000000 0x0000000000005000 xr
*default*        0x0000000000000000 0xffffffffffffffff

Linker script and memory map

LOAD c:/st/stm32cubeide_1.6.1/stm32cubeide/plugins/com.st.stm32cube.ide.mcu.externaltools.gnu-tools-for-stm32.9-2020-q2-update.win32_1.5.0.202011040924/tools/bin/../lib/gcc/arm-none-eabi/9.3.1/thumb/v7e-m+fp/hard/crti.o
LOAD c:/st/stm32cubeide_1.6.1/stm32cubeide/plugins/com.st.stm32cube.ide.mcu.externaltools.gnu-tools-for-stm32.9-2020-q2-update.win32_1.5.0.202011040924/tools/bin/../lib/gcc/arm-none-eabi/9.3.1/thumb/v7e-m+fp/hard/crtbegin.o
LOAD c:/st/stm32cubeide_1.6.1/stm32cubeide/plugins/com.st.stm32cube.ide.mcu.externaltools.gnu-tools-for-stm32.9-2020-q2-update.win32_1.5.0.202011040924/tools/bin/../lib/gcc/arm-none-eabi/9.3.1/../../../../arm-none-eabi/lib/thumb/v7e-m+fp/hard/crt0.o
LOAD Sources/MCU_Core/syscalls.o
LOAD Sources/MCU_Core/sysmem.o
LOAD Sources/bootloader.o
LOAD Sources/hardware.o
LOAD Sources/isr.o
LOAD Sources/main.o
LOAD Startup/startup_stm32l431rctx.o
START GROUP
LOAD c:/st/stm32cubeide_1.6.1/stm32cubeide/plugins/com.st.stm32cube.ide.mcu.externaltools.gnu-tools-for-stm32.9-2020-q2-update.win32_1.5.0.202011040924/tools/bin/../lib/gcc/arm-none-eabi/9.3.1/../../../../arm-none-eabi/lib/thumb/v7e-m+fp/hard\libc_nano.a
LOAD c:/st/stm32cubeide_1.6.1/stm32cubeide/plugins/com.st.stm32cube.ide.mcu.externaltools.gnu-tools-for-stm32.9-2020-q2-update.win32_1.5.0.202011040924/tools/bin/../lib/gcc/arm-none-eabi/9.3.1/../../../../arm-none-eabi/lib/thumb/v7e-m+fp/hard\libm.a
END GROUP
START GROUP
LOAD c:/st/stm32cubeide_1.6.1/stm32cubeide/plugins/com.st.stm32cube.ide.mcu.externaltools.gnu-tools-for-stm32.9-2020-q2-update.win32_1.5.0.202011040924/tools/bin/../lib/gcc/arm-none-eabi/9.3.1/thumb/v7e-m+fp/hard\libgcc.a
LOAD c:/st/stm32cubeide_1.6.1/stm32cubeide/plugins/com.st.stm32cube.ide.mcu.externaltools.gnu-tools-for-stm32.9-2020-q2-update.win32_1.5.0.202011040924/tools/bin/../lib/gcc/arm-none-eabi/9.3.1/../../../../arm-none-eabi/lib/thumb/v7e-m+fp/hard\libc_nano.a
END GROUP
START GROUP
LOAD c:/st/stm32cubeide_1.6.1/stm32cubeide/plugins/com.st.stm32cube.ide.mcu.externaltools.gnu-tools-for-stm32.9-2020-q2-update.win32_1.5.0.202011040924/tools/bin/../lib/gcc/arm-none-eabi/9.3.1/thumb/v7e-m+fp/hard\libgcc.a
LOAD c:/st/stm32cubeide_1.6.1/stm32cubeide/plugins/com.st.stm32cube.ide.mcu.externaltools.gnu-tools-for-stm32.9-2020-q2-update.win32_1.5.0.202011040924/tools/bin/../lib/gcc/arm-none-eabi/9.3.1/../../../../arm-none-eabi/lib/thumb/v7e-m+fp/hard\libc_nano.a
LOAD c:/st/stm32cubeide_1.6.1/stm32cubeide/plugins/com.st.stm32cube.ide.mcu.externaltools.gnu-tools-for-stm32.9-2020-q2-update.win32_1.5.0.202011040924/tools/bin/../lib/gcc/arm-none-eabi/9.3.1/../../../../arm-none-eabi/lib/thumb/v7e-m+fp/hard\libnosys.a
END GROUP
START GROUP
LOAD c:/st/stm32cubeide_1.6.1/stm32cubeide/plugins/com.st.stm32cube.ide.mcu.externaltools.gnu-tools-for-stm32.9-2020-q2-update.win32_1.5.0.202011040924/tools/bin/../lib/gcc/arm-none-eabi/9.3.1/thumb/v7e-m+fp/hard\libgcc.a
LOAD c:/st/stm32cubeide_1.6.1/stm32cubeide/plugins/com.st.stm32cube.ide.mcu.externaltools.gnu-tools-for-stm32.9-2020-q2-update.win32_1.5.0.202011040924/tools/bin/../lib/gcc/arm-none-eabi/9.3.1/../../../../arm-none-eabi/lib/thumb/v7e-m+fp/hard\libc_nano.a
LOAD c:/st/stm32cubeide_1.6.1/stm32cubeide/plugins/com.st.stm32cube.ide.mcu.externaltools.gnu-tools-for-stm32.9-2020-q2-update.win32_1.5.0.202011040924/tools/bin/../lib/gcc/arm-none-eabi/9.3.1/../../../../arm-none-eabi/lib/thumb/v7e-m+fp/hard\libnosys.a
END GROUP
LOAD c:/st/stm32cubeide_1.6.1/stm32cubeide/plugins/com.st.stm32cube.ide.mcu.externaltools.gnu-tools-for-stm32.9-2020-q2-update.win32_1.5.0.202011040924/tools/bin/../lib/gcc/arm-none-eabi/9.3.1/thumb/v7e-m+fp/hard/crtend.o
LOAD c:/st/stm32cubeide_1.6.1/stm32cubeide/plugins/com.st.stm32cube.ide.mcu.externaltools.gnu-tools-for-stm32.9-2020-q2-update.win32_1.5.0.202011040924/tools/bin/../lib/gcc/arm-none-eabi/9.3.1/thumb/v7e-m+fp/hard/crtn.o
                0x0000000020005000                _estack = (ORIGIN (RAM) + LENGTH (RAM))
                0x0000000000000200                _Min_Heap_Size = 0x200
                0x0000000000000400                _Min_Stack_Size = 0x400

.isr_vector     0x0000000008000000      0x18c
                0x0000000008000000                . = ALIGN (0x4)
 *(.isr_vector)
 .isr_vector    0x0000000008000000      0x18c Startup/startup_stm32l431rctx.o
                0x0000000008000000                g_pfnVectors
                0x000000000800018c                . = ALIGN (0x4)

.text           0x000000000800018c      0x54c
                0x000000000800018c                . = ALIGN (0x4)
 *(.text)
 .text          0x000000000800018c       0x40 c:/st/stm32cubeide_1.6.1/stm32cubeide/plugins/com.st.stm32cube.ide.mcu.externaltools.gnu-tools-for-stm32.9-2020-q2-update.win32_1.5.0.202011040924/tools/bin/../lib/gcc/arm-none-eabi/9.3.1/thumb/v7e-m+fp/hard/crtbegin.o
 *(.text*)
 .text.vL431_DeInitAndJump
                0x00000000080001cc      0x118 Sources/bootloader.o
                0x00000000080001cc                vL431_DeInitAndJump
 .text.readWord
                0x00000000080002e4       0x1c Sources/bootloader.o
                0x00000000080002e4                readWord
 .text.jumpToApp
                0x0000000008000300       0x3c Sources/bootloader.o
                0x0000000008000300                jumpToApp
 .text.__NVIC_EnableIRQ
                0x000000000800033c       0x3c Sources/hardware.o
 .text.vInitSystemClock
                0x0000000008000378      0x130 Sources/hardware.o
                0x0000000008000378                vInitSystemClock
 .text.vInitTaskTimer
                0x00000000080004a8       0x3c Sources/hardware.o
                0x00000000080004a8                vInitTaskTimer
 .text.vDeInitSystemClock
                0x00000000080004e4       0x84 Sources/hardware.o
                0x00000000080004e4                vDeInitSystemClock
 .text.TIM2_IRQHandler
                0x0000000008000568       0x28 Sources/isr.o
                0x0000000008000568                TIM2_IRQHandler
 .text.main     0x0000000008000590       0x98 Sources/main.o
                0x0000000008000590                main
 .text.Reset_Handler
                0x0000000008000628       0x4c Startup/startup_stm32l431rctx.o
                0x0000000008000628                Reset_Handler
 .text.Default_Handler
                0x0000000008000674        0x2 Startup/startup_stm32l431rctx.o
                0x0000000008000674                RTC_Alarm_IRQHandler
                0x0000000008000674                EXTI2_IRQHandler
                0x0000000008000674                DebugMon_Handler
                0x0000000008000674                TIM1_CC_IRQHandler
                0x0000000008000674                TSC_IRQHandler
                0x0000000008000674                HardFault_Handler
                0x0000000008000674                SysTick_Handler
                0x0000000008000674                TAMP_STAMP_IRQHandler
                0x0000000008000674                PendSV_Handler
                0x0000000008000674                NMI_Handler
                0x0000000008000674                EXTI3_IRQHandler
                0x0000000008000674                LPTIM2_IRQHandler
                0x0000000008000674                I2C3_ER_IRQHandler
                0x0000000008000674                EXTI0_IRQHandler
                0x0000000008000674                I2C2_EV_IRQHandler
                0x0000000008000674                CAN1_RX0_IRQHandler
                0x0000000008000674                FPU_IRQHandler
                0x0000000008000674                TIM1_UP_TIM16_IRQHandler
                0x0000000008000674                UsageFault_Handler
                0x0000000008000674                SPI1_IRQHandler
                0x0000000008000674                TIM6_DAC_IRQHandler
                0x0000000008000674                DMA2_Channel2_IRQHandler
                0x0000000008000674                DMA1_Channel4_IRQHandler
                0x0000000008000674                ADC1_IRQHandler
                0x0000000008000674                USART3_IRQHandler
                0x0000000008000674                DMA1_Channel7_IRQHandler
                0x0000000008000674                CAN1_RX1_IRQHandler
                0x0000000008000674                DMA2_Channel1_IRQHandler
                0x0000000008000674                QUADSPI_IRQHandler
                0x0000000008000674                I2C1_EV_IRQHandler
                0x0000000008000674                DMA1_Channel6_IRQHandler
                0x0000000008000674                DMA2_Channel4_IRQHandler
                0x0000000008000674                RCC_IRQHandler
                0x0000000008000674                TIM1_TRG_COM_IRQHandler
                0x0000000008000674                DMA1_Channel1_IRQHandler
                0x0000000008000674                Default_Handler
                0x0000000008000674                DMA2_Channel7_IRQHandler
                0x0000000008000674                EXTI15_10_IRQHandler
                0x0000000008000674                TIM7_IRQHandler
                0x0000000008000674                SDMMC1_IRQHandler
                0x0000000008000674                I2C3_EV_IRQHandler
                0x0000000008000674                EXTI9_5_IRQHandler
                0x0000000008000674                RTC_WKUP_IRQHandler
                0x0000000008000674                PVD_PVM_IRQHandler
                0x0000000008000674                SPI2_IRQHandler
                0x0000000008000674                MemManage_Handler
                0x0000000008000674                CAN1_TX_IRQHandler
                0x0000000008000674                SVC_Handler
                0x0000000008000674                DMA2_Channel5_IRQHandler
                0x0000000008000674                CRS_IRQHandler
                0x0000000008000674                DMA1_Channel5_IRQHandler
                0x0000000008000674                EXTI4_IRQHandler
                0x0000000008000674                RNG_IRQHandler
                0x0000000008000674                DMA1_Channel3_IRQHandler
                0x0000000008000674                COMP_IRQHandler
                0x0000000008000674                WWDG_IRQHandler
                0x0000000008000674                LPUART1_IRQHandler
                0x0000000008000674                DMA2_Channel6_IRQHandler
                0x0000000008000674                EXTI1_IRQHandler
                0x0000000008000674                USART2_IRQHandler
                0x0000000008000674                I2C2_ER_IRQHandler
                0x0000000008000674                DMA1_Channel2_IRQHandler
                0x0000000008000674                CAN1_SCE_IRQHandler
                0x0000000008000674                FLASH_IRQHandler
                0x0000000008000674                BusFault_Handler
                0x0000000008000674                USART1_IRQHandler
                0x0000000008000674                SPI3_IRQHandler
                0x0000000008000674                I2C1_ER_IRQHandler
                0x0000000008000674                SWPMI1_IRQHandler
                0x0000000008000674                LPTIM1_IRQHandler
                0x0000000008000674                SAI1_IRQHandler
                0x0000000008000674                DMA2_Channel3_IRQHandler
                0x0000000008000674                TIM1_BRK_TIM15_IRQHandler
 *fill*         0x0000000008000676        0x2 
 .text.__libc_init_array
                0x0000000008000678       0x48 c:/st/stm32cubeide_1.6.1/stm32cubeide/plugins/com.st.stm32cube.ide.mcu.externaltools.gnu-tools-for-stm32.9-2020-q2-update.win32_1.5.0.202011040924/tools/bin/../lib/gcc/arm-none-eabi/9.3.1/../../../../arm-none-eabi/lib/thumb/v7e-m+fp/hard\libc_nano.a(lib_a-init.o)
                0x0000000008000678                __libc_init_array
 *(.glue_7)
 .glue_7        0x00000000080006c0        0x0 linker stubs
 *(.glue_7t)
 .glue_7t       0x00000000080006c0        0x0 linker stubs
 *(.eh_frame)
 .eh_frame      0x00000000080006c0        0x0 c:/st/stm32cubeide_1.6.1/stm32cubeide/plugins/com.st.stm32cube.ide.mcu.externaltools.gnu-tools-for-stm32.9-2020-q2-update.win32_1.5.0.202011040924/tools/bin/../lib/gcc/arm-none-eabi/9.3.1/thumb/v7e-m+fp/hard/crtbegin.o
 *(.init)
 .init          0x00000000080006c0        0x4 c:/st/stm32cubeide_1.6.1/stm32cubeide/plugins/com.st.stm32cube.ide.mcu.externaltools.gnu-tools-for-stm32.9-2020-q2-update.win32_1.5.0.202011040924/tools/bin/../lib/gcc/arm-none-eabi/9.3.1/thumb/v7e-m+fp/hard/crti.o
                0x00000000080006c0                _init
 .init          0x00000000080006c4        0x8 c:/st/stm32cubeide_1.6.1/stm32cubeide/plugins/com.st.stm32cube.ide.mcu.externaltools.gnu-tools-for-stm32.9-2020-q2-update.win32_1.5.0.202011040924/tools/bin/../lib/gcc/arm-none-eabi/9.3.1/thumb/v7e-m+fp/hard/crtn.o
 *(.fini)
 .fini          0x00000000080006cc        0x4 c:/st/stm32cubeide_1.6.1/stm32cubeide/plugins/com.st.stm32cube.ide.mcu.externaltools.gnu-tools-for-stm32.9-2020-q2-update.win32_1.5.0.202011040924/tools/bin/../lib/gcc/arm-none-eabi/9.3.1/thumb/v7e-m+fp/hard/crti.o
                0x00000000080006cc                _fini
 .fini          0x00000000080006d0        0x8 c:/st/stm32cubeide_1.6.1/stm32cubeide/plugins/com.st.stm32cube.ide.mcu.externaltools.gnu-tools-for-stm32.9-2020-q2-update.win32_1.5.0.202011040924/tools/bin/../lib/gcc/arm-none-eabi/9.3.1/thumb/v7e-m+fp/hard/crtn.o
                0x00000000080006d8                . = ALIGN (0x4)
                0x00000000080006d8                _etext = .

.vfp11_veneer   0x00000000080006d8        0x0
 .vfp11_veneer  0x00000000080006d8        0x0 linker stubs

.v4_bx          0x00000000080006d8        0x0
 .v4_bx         0x00000000080006d8        0x0 linker stubs

.iplt           0x00000000080006d8        0x0
 .iplt          0x00000000080006d8        0x0 c:/st/stm32cubeide_1.6.1/stm32cubeide/plugins/com.st.stm32cube.ide.mcu.externaltools.gnu-tools-for-stm32.9-2020-q2-update.win32_1.5.0.202011040924/tools/bin/../lib/gcc/arm-none-eabi/9.3.1/thumb/v7e-m+fp/hard/crtbegin.o

.rel.dyn        0x00000000080006d8        0x0
 .rel.iplt      0x00000000080006d8        0x0 c:/st/stm32cubeide_1.6.1/stm32cubeide/plugins/com.st.stm32cube.ide.mcu.externaltools.gnu-tools-for-stm32.9-2020-q2-update.win32_1.5.0.202011040924/tools/bin/../lib/gcc/arm-none-eabi/9.3.1/thumb/v7e-m+fp/hard/crtbegin.o

.rodata         0x00000000080006d8        0x0
                0x00000000080006d8                . = ALIGN (0x4)
 *(.rodata)
 *(.rodata*)
                0x00000000080006d8                . = ALIGN (0x4)

.ARM.extab      0x00000000080006d8        0x0
                0x00000000080006d8                . = ALIGN (0x4)
 *(.ARM.extab* .gnu.linkonce.armextab.*)
                0x00000000080006d8                . = ALIGN (0x4)

.ARM            0x00000000080006d8        0x0
                0x00000000080006d8                . = ALIGN (0x4)
                0x00000000080006d8                __exidx_start = .
 *(.ARM.exidx*)
                0x00000000080006d8                __exidx_end = .
                0x00000000080006d8                . = ALIGN (0x4)

.preinit_array  0x00000000080006d8        0x0
                0x00000000080006d8                . = ALIGN (0x4)
                0x00000000080006d8                PROVIDE (__preinit_array_start = .)
 *(.preinit_array*)
                0x00000000080006d8                PROVIDE (__preinit_array_end = .)
                0x00000000080006d8                . = ALIGN (0x4)

.init_array     0x00000000080006d8        0x4
                0x00000000080006d8                . = ALIGN (0x4)
                0x00000000080006d8                PROVIDE (__init_array_start = .)
 *(SORT_BY_NAME(.init_array.*))
 *(.init_array*)
 .init_array    0x00000000080006d8        0x4 c:/st/stm32cubeide_1.6.1/stm32cubeide/plugins/com.st.stm32cube.ide.mcu.externaltools.gnu-tools-for-stm32.9-2020-q2-update.win32_1.5.0.202011040924/tools/bin/../lib/gcc/arm-none-eabi/9.3.1/thumb/v7e-m+fp/hard/crtbegin.o
                0x00000000080006dc                PROVIDE (__init_array_end = .)
                0x00000000080006dc                . = ALIGN (0x4)

.fini_array     0x00000000080006dc        0x4
                0x00000000080006dc                . = ALIGN (0x4)
                [!provide]                        PROVIDE (__fini_array_start = .)
 *(SORT_BY_NAME(.fini_array.*))
 *(.fini_array*)
 .fini_array    0x00000000080006dc        0x4 c:/st/stm32cubeide_1.6.1/stm32cubeide/plugins/com.st.stm32cube.ide.mcu.externaltools.gnu-tools-for-stm32.9-2020-q2-update.win32_1.5.0.202011040924/tools/bin/../lib/gcc/arm-none-eabi/9.3.1/thumb/v7e-m+fp/hard/crtbegin.o
                [!provide]                        PROVIDE (__fini_array_end = .)
                0x00000000080006e0                . = ALIGN (0x4)
                0x00000000080006e0                _sidata = LOADADDR (.data)

.data           0x0000000020000000        0x0 load address 0x00000000080006e0
                0x0000000020000000                . = ALIGN (0x4)
                0x0000000020000000                _sdata = .
 *(.data)
 *(.data*)
                0x0000000020000000                . = ALIGN (0x4)
                0x0000000020000000                _edata = .

.igot.plt       0x0000000020000000        0x0 load address 0x00000000080006e0
 .igot.plt      0x0000000020000000        0x0 c:/st/stm32cubeide_1.6.1/stm32cubeide/plugins/com.st.stm32cube.ide.mcu.externaltools.gnu-tools-for-stm32.9-2020-q2-update.win32_1.5.0.202011040924/tools/bin/../lib/gcc/arm-none-eabi/9.3.1/thumb/v7e-m+fp/hard/crtbegin.o
                0x0000000020000000                . = ALIGN (0x4)

.bss            0x0000000020000000       0x20 load address 0x00000000080006e0
                0x0000000020000000                _sbss = .
                0x0000000020000000                __bss_start__ = _sbss
 *(.bss)
 .bss           0x0000000020000000       0x1c c:/st/stm32cubeide_1.6.1/stm32cubeide/plugins/com.st.stm32cube.ide.mcu.externaltools.gnu-tools-for-stm32.9-2020-q2-update.win32_1.5.0.202011040924/tools/bin/../lib/gcc/arm-none-eabi/9.3.1/thumb/v7e-m+fp/hard/crtbegin.o
 *(.bss*)
 .bss.gbRunTask
                0x000000002000001c        0x1 Sources/isr.o
                0x000000002000001c                gbRunTask
 .bss.bToggle   0x000000002000001d        0x1 Sources/main.o
                0x000000002000001d                bToggle
 *(COMMON)
 COMMON         0x000000002000001e        0x1 Sources/bootloader.o
                0x000000002000001e                App
                0x0000000020000020                . = ALIGN (0x4)
 *fill*         0x000000002000001f        0x1 
                0x0000000020000020                _ebss = .
                0x0000000020000020                __bss_end__ = _ebss

._user_heap_stack
                0x0000000020000020      0x600 load address 0x00000000080006e0
                0x0000000020000020                . = ALIGN (0x8)
                [!provide]                        PROVIDE (end = .)
                0x0000000020000020                PROVIDE (_end = .)
                0x0000000020000220                . = (. + _Min_Heap_Size)
 *fill*         0x0000000020000020      0x200 
                0x0000000020000620                . = (. + _Min_Stack_Size)
 *fill*         0x0000000020000220      0x400 
                0x0000000020000620                . = ALIGN (0x8)

/DISCARD/
 libc.a(*)
 libm.a(*)
 libgcc.a(*)

.ARM.attributes
                0x0000000000000000       0x30
 *(.ARM.attributes)
 .ARM.attributes
                0x0000000000000000       0x1e c:/st/stm32cubeide_1.6.1/stm32cubeide/plugins/com.st.stm32cube.ide.mcu.externaltools.gnu-tools-for-stm32.9-2020-q2-update.win32_1.5.0.202011040924/tools/bin/../lib/gcc/arm-none-eabi/9.3.1/thumb/v7e-m+fp/hard/crti.o
 .ARM.attributes
                0x000000000000001e       0x34 c:/st/stm32cubeide_1.6.1/stm32cubeide/plugins/com.st.stm32cube.ide.mcu.externaltools.gnu-tools-for-stm32.9-2020-q2-update.win32_1.5.0.202011040924/tools/bin/../lib/gcc/arm-none-eabi/9.3.1/thumb/v7e-m+fp/hard/crtbegin.o
 .ARM.attributes
                0x0000000000000052       0x34 Sources/bootloader.o
 .ARM.attributes
                0x0000000000000086       0x34 Sources/hardware.o
 .ARM.attributes
                0x00000000000000ba       0x34 Sources/isr.o
 .ARM.attributes
                0x00000000000000ee       0x34 Sources/main.o
 .ARM.attributes
                0x0000000000000122       0x21 Startup/startup_stm32l431rctx.o
 .ARM.attributes
                0x0000000000000143       0x34 c:/st/stm32cubeide_1.6.1/stm32cubeide/plugins/com.st.stm32cube.ide.mcu.externaltools.gnu-tools-for-stm32.9-2020-q2-update.win32_1.5.0.202011040924/tools/bin/../lib/gcc/arm-none-eabi/9.3.1/../../../../arm-none-eabi/lib/thumb/v7e-m+fp/hard\libc_nano.a(lib_a-init.o)
 .ARM.attributes
                0x0000000000000177       0x1e c:/st/stm32cubeide_1.6.1/stm32cubeide/plugins/com.st.stm32cube.ide.mcu.externaltools.gnu-tools-for-stm32.9-2020-q2-update.win32_1.5.0.202011040924/tools/bin/../lib/gcc/arm-none-eabi/9.3.1/thumb/v7e-m+fp/hard/crtn.o
OUTPUT(NUCLEO-64_STM32L431RC.elf elf32-littlearm)
LOAD linker stubs
LOAD c:/st/stm32cubeide_1.6.1/stm32cubeide/plugins/com.st.stm32cube.ide.mcu.externaltools.gnu-tools-for-stm32.9-2020-q2-update.win32_1.5.0.202011040924/tools/bin/../lib/gcc/arm-none-eabi/9.3.1/../../../../arm-none-eabi/lib/thumb/v7e-m+fp/hard\libc.a
LOAD c:/st/stm32cubeide_1.6.1/stm32cubeide/plugins/com.st.stm32cube.ide.mcu.externaltools.gnu-tools-for-stm32.9-2020-q2-update.win32_1.5.0.202011040924/tools/bin/../lib/gcc/arm-none-eabi/9.3.1/../../../../arm-none-eabi/lib/thumb/v7e-m+fp/hard\libm.a
LOAD c:/st/stm32cubeide_1.6.1/stm32cubeide/plugins/com.st.stm32cube.ide.mcu.externaltools.gnu-tools-for-stm32.9-2020-q2-update.win32_1.5.0.202011040924/tools/bin/../lib/gcc/arm-none-eabi/9.3.1/thumb/v7e-m+fp/hard\libgcc.a

.debug_info     0x0000000000000000     0x138a
 .debug_info    0x0000000000000000      0x415 Sources/bootloader.o
 .debug_info    0x0000000000000415      0x9ed Sources/hardware.o
 .debug_info    0x0000000000000e02      0x2fd Sources/isr.o
 .debug_info    0x00000000000010ff      0x269 Sources/main.o
 .debug_info    0x0000000000001368       0x22 Startup/startup_stm32l431rctx.o

.debug_abbrev   0x0000000000000000      0x53d
 .debug_abbrev  0x0000000000000000      0x1bc Sources/bootloader.o
 .debug_abbrev  0x00000000000001bc      0x17e Sources/hardware.o
 .debug_abbrev  0x000000000000033a       0xef Sources/isr.o
 .debug_abbrev  0x0000000000000429      0x102 Sources/main.o
 .debug_abbrev  0x000000000000052b       0x12 Startup/startup_stm32l431rctx.o

.debug_aranges  0x0000000000000000       0xd0
 .debug_aranges
                0x0000000000000000       0x30 Sources/bootloader.o
 .debug_aranges
                0x0000000000000030       0x38 Sources/hardware.o
 .debug_aranges
                0x0000000000000068       0x20 Sources/isr.o
 .debug_aranges
                0x0000000000000088       0x20 Sources/main.o
 .debug_aranges
                0x00000000000000a8       0x28 Startup/startup_stm32l431rctx.o

.debug_ranges   0x0000000000000000       0x88
 .debug_ranges  0x0000000000000000       0x20 Sources/bootloader.o
 .debug_ranges  0x0000000000000020       0x28 Sources/hardware.o
 .debug_ranges  0x0000000000000048       0x10 Sources/isr.o
 .debug_ranges  0x0000000000000058       0x10 Sources/main.o
 .debug_ranges  0x0000000000000068       0x20 Startup/startup_stm32l431rctx.o

.debug_macro    0x0000000000000000    0x16859
 .debug_macro   0x0000000000000000       0xda Sources/bootloader.o
 .debug_macro   0x00000000000000da       0x22 Sources/bootloader.o
 .debug_macro   0x00000000000000fc       0x1c Sources/bootloader.o
 .debug_macro   0x0000000000000118       0x28 Sources/bootloader.o
 .debug_macro   0x0000000000000140       0x8e Sources/bootloader.o
 .debug_macro   0x00000000000001ce       0x51 Sources/bootloader.o
 .debug_macro   0x000000000000021f       0x1c Sources/bootloader.o
 .debug_macro   0x000000000000023b       0x22 Sources/bootloader.o
 .debug_macro   0x000000000000025d      0x101 Sources/bootloader.o
 .debug_macro   0x000000000000035e     0x1011 Sources/bootloader.o
 .debug_macro   0x000000000000136f      0x11f Sources/bootloader.o
 .debug_macro   0x000000000000148e    0x1512a Sources/bootloader.o
 .debug_macro   0x00000000000165b8       0x10 Sources/bootloader.o
 .debug_macro   0x00000000000165c8       0xd8 Sources/hardware.o
 .debug_macro   0x00000000000166a0       0xd1 Sources/isr.o
 .debug_macro   0x0000000000016771       0xe8 Sources/main.o

.debug_line     0x0000000000000000     0x13da
 .debug_line    0x0000000000000000      0x545 Sources/bootloader.o
 .debug_line    0x0000000000000545      0x541 Sources/hardware.o
 .debug_line    0x0000000000000a86      0x445 Sources/isr.o
 .debug_line    0x0000000000000ecb      0x48e Sources/main.o
 .debug_line    0x0000000000001359       0x81 Startup/startup_stm32l431rctx.o

.debug_str      0x0000000000000000    0x7f043
 .debug_str     0x0000000000000000    0x7e99b Sources/bootloader.o
                                      0x7eb30 (size before relaxing)
 .debug_str     0x000000000007e99b      0x616 Sources/hardware.o
                                      0x7f035 (size before relaxing)
 .debug_str     0x000000000007efb1       0x30 Sources/isr.o
                                      0x7ea0c (size before relaxing)
 .debug_str     0x000000000007efe1       0x31 Sources/main.o
                                      0x7ea80 (size before relaxing)
 .debug_str     0x000000000007f012       0x31 Startup/startup_stm32l431rctx.o
                                         0x5d (size before relaxing)

.comment        0x0000000000000000       0x53
 .comment       0x0000000000000000       0x53 Sources/bootloader.o
                                         0x54 (size before relaxing)
 .comment       0x0000000000000053       0x54 Sources/hardware.o
 .comment       0x0000000000000053       0x54 Sources/isr.o
 .comment       0x0000000000000053       0x54 Sources/main.o

.debug_frame    0x0000000000000000      0x1a0
 .debug_frame   0x0000000000000000       0x80 Sources/bootloader.o
 .debug_frame   0x0000000000000080       0x94 Sources/hardware.o
 .debug_frame   0x0000000000000114       0x30 Sources/isr.o
 .debug_frame   0x0000000000000144       0x30 Sources/main.o
 .debug_frame   0x0000000000000174       0x2c c:/st/stm32cubeide_1.6.1/stm32cubeide/plugins/com.st.stm32cube.ide.mcu.externaltools.gnu-tools-for-stm32.9-2020-q2-update.win32_1.5.0.202011040924/tools/bin/../lib/gcc/arm-none-eabi/9.3.1/../../../../arm-none-eabi/lib/thumb/v7e-m+fp/hard\libc_nano.a(lib_a-init.o)
